thirty nine sixty eight sixty one
forty four minus fifty minus thirty thirty four seventy one forty
twenty three forty five forty two minus fifty eight minus fifty four twenty four twenty eight
thirty two minus thirty five thirty four fifty eight twenty minus forty four
seventy six twenty four minus sixty five fifty six
minus fifty three twenty three
seventy one forty four thirty four fifty one
forty seven
twenty three seventy seven
forty two twenty three sixty six fifty four twenty nine nineteen twenty
thirty nine thirty one thirty five forty three minus forty five thirty five forty eight
twenty one
thirty minus thirty six forty three minus thirty nine sixty two
eighteen thirty two
nineteen forty two thirty four fifty one minus twenty one sixty six
seventy seven minus forty six
minus forty eight twenty two
sixty seven seventy one fifty six forty three minus fifty seven seventy four
thirty four sixty seventy four
fifty minus twenty three thirty forty one
thirty one twenty nine fifty two
seventeen twenty seven twenty two fifty four seventy four
thirty four fifty four
sixty six thirty one thirty nine
seventy sixty
forty seven minus thirty six thirty two
forty eight fifty nine twenty five forty five twenty one
twenty one forty five twenty
forty six twenty one seventy two minus fifty four
twenty three twenty one twenty seven thirty one thirty two twenty three twenty four
seventy two minus twenty twenty
forty seventy one
thirty one forty four minus twenty four
fifty two twenty five minus fifty three twenty thirty two seventeen sixty three seventy four
thirty seven forty six fifty eight
minus sixty three minus fifty minus seventy seven
minus sixty six minus sixty seven twenty
seventy two minus twenty fifty seven minus thirty six minus fifty six
minus seventy one forty four forty six minus fifty three
fifty four nineteen thirty five twenty seven sixty two
sixty
sixty six thirty two twenty seven
fifty two twenty minus seventy seven thirty three sixty three fifty two
thirty two twenty two sixty three minus forty two fifty four
twenty three twenty
twenty one fifty thirty two forty two twenty twenty one twenty six thirty one
fifty five minus twenty forty two
twenty four minus twenty nine
minus forty one
