minus forty minus twenty seven minus forty four seventy two
sixty two twenty two fifty six fifty five sixty three
seventeen twenty five forty five fifty five twenty four
twenty one twenty
twenty one minus fifty one nineteen seventy one minus sixty two twenty seven
minus fifty four minus fifty nine forty five
twenty four twenty six
twenty six thirty twenty nine thirty one minus sixty eight thirty two minus fifty three minus sixty eight
minus twenty one forty nine fifty eight
thirty three twenty one
seventy one fifty six minus thirty nine twenty eight twenty five
minus fifty five minus twenty one sixty four twenty two
minus seventy one sixty six thirty minus twenty three
fifty seven
forty one thirty one twenty fifty two
fifty six seventy three twenty
sixty nine minus seventy two minus fifty five minus forty seven
seventy six forty six
sixty one minus fifty three twenty
minus sixty five sixty four twenty seven seventy one thirty three forty five twenty
fifty minus sixty two eighteen twenty one
minus forty nine twenty one
fifty three minus thirty eight seventeen
forty thirty five
twenty three thirty three twenty three
minus thirty forty two sixty two
fifty four fifty six minus thirty three thirty four
forty three twenty one minus fifty five sixty nine forty three
minus fifty one minus twenty twenty one
minus fifty seven seventy five fifty two twenty three minus thirty three twenty one minus fifty six seventy six eighteen fifty six
seventeen thirty nine thirty forty three fifty seven
fifty forty three thirty two twenty
twenty three thirty one
seventeen thirty six nineteen sixty twenty one seventy one
twenty three twenty three
seventy six sixty two
forty five twenty
minus fifty three twenty five minus thirty one fifty nine thirty four forty eight forty four minus sixty seven sixty four fifty sixty
sixty one twenty six thirty one minus seventeen fifty four sixty one
minus forty three fifty five fifty three minus fifty six
minus sixty four minus thirty three minus sixty minus seventy five minus thirty three
fifty seven twenty two sixty four fifty seven
seventy three
fifty forty five twenty four
twenty seventy two sixty four
fifty one thirty two twenty three minus fifty three forty one minus twenty two thirty
forty six seventeen
thirty two twenty two minus forty three thirty two fifty eight twenty three
twenty seven seventeen twenty one minus forty five thirty two forty nine
thirty twenty two twenty two
sixty five twenty eight fifty four thirty four thirty five forty four
sixty three twenty eight thirty eight thirty seven minus twenty five thirty three twenty one
thirty five thirty
thirty
forty three seventy three minus forty five sixty eight
seventy two twenty one forty one
twenty three minus forty two twenty nine fifty four thirty six forty eight sixty one
minus seventeen seventy one fifty seven seventy four sixty two
thirty seven seventy three minus twenty five forty nine thirty eight twenty seven
sixty five twenty
thirty three thirty five fifty six minus twenty eight twenty three seventeen
thirty four minus seventy forty nine sixty four forty twenty eight sixty nine
minus sixty six fifty seven forty three twenty forty four
sixty three minus thirty five minus forty six
seventeen
thirty five forty four
fifty six minus thirty five forty
forty one forty one
sixty six forty six minus forty five thirty nine seventy two seventy three
minus twenty two sixty five twenty
twenty two twenty six minus sixty five
twenty one minus sixty two thirty two forty four twenty three twenty three
minus fifty two thirty one
fifty two thirty minus fifty four minus forty thirty two
thirty two fifty two fifty eight forty four
minus forty seventy two forty minus twenty four minus seventy
twenty fifty four sixty eight thirty one fifty five
fifty eight forty two forty six forty one seventy six twenty
fifty seventy two
sixty five minus forty two sixty two twenty two sixty three fifty nine
minus forty seven minus fifty sixty five thirty seventy four seventeen thirty sixty five
