минус двадцать шесть пятьдесят три двадцать один двадцать три минус семьдесят один двадцать один двадцать два
двадцать минус пятьдесят один тридцать девять двадцать шесть пятьдесят восемь
минус пятьдесят семь минус двадцать два сорок три тридцать восемь двадцать три тридцать четыре сорок три
двадцать шестьдесят минус пятьдесят минус сорок семь двадцать девять
минус тридцать три тридцать два двадцать четыре пятьдесят семь минус двадцать один
семьдесят пять тридцать два шестьдесят восемь минус пятьдесят пять шестьдесят один пятьдесят пять двадцать четыре
минус сорок минус пятьдесят семь двадцать три минус двадцать восемь
минус шестьдесят семь
минус тридцать семнадцать тридцать один тридцать один минус двадцать пять минус семьдесят один шестьдесят три минус тридцать один сорок
минус тридцать один двадцать один двадцать семьдесят сорок шесть
двадцать шесть тридцать тридцать один минус пятьдесят три
минус сорок пять двадцать два двадцать четыре сорок
минус двадцать два минус двадцать один тридцать один семьдесят один тридцать три пятьдесят восемь двадцать минус семнадцать минус шестьдесят восемь
сорок восемь сорок восемь минус шестьдесят два пятьдесят один пятьдесят девять шестьдесят минус восемнадцать двадцать один шестьдесят восемь
сорок пять семьдесят три двадцать девять шестьдесят три минус тридцать два минус пятьдесят тридцать один
семьдесят сорок один тридцать семь
минус шестьдесят два семьдесят два тридцать два двадцать сорок три минус семьдесят три двадцать шесть пятьдесят два двадцать пять двадцать тридцать семь пятьдесят пять
тридцать пять пятьдесят один сорок два пятьдесят девять минус сорок три шестьдесят пять
минус сорок четыре минус двадцать двадцать семь сорок четыре шестьдесят один минус шестьдесят два двадцать четыре
пятьдесят один семьдесят четыре пятьдесят пять минус пятьдесят шесть тридцать два минус шестьдесят пять двадцать четыре шестьдесят семь минус сорок один сорок пятьдесят один
