двадцать два девятнадцать пятьдесят два тридцать один
минус двадцать пятьдесят пять минус шестьдесят три тридцать три минус пятьдесят пять
минус тридцать восемь минус тридцать один пятьдесят четыре тридцать шесть
семнадцать сорок четыре
сорок восемь
двадцать три минус шестьдесят один двадцать два минус шестьдесят три минус сорок семь восемнадцать
сорок двадцать один двадцать три
шестьдесят два тридцать три сорок шесть двадцать два
тридцать семь минус пятьдесят два двадцать четыре
восемнадцать минус тридцать пять шестьдесят два шестьдесят восемь двадцать два
минус сорок четыре пятьдесят два пятьдесят четыре минус двадцать восемь
шестьдесят семь минус пятьдесят четыре двадцать пять двадцать один
сорок два двадцать два сорок четыре семьдесят один семьдесят четыре минус шестьдесят шесть
тридцать минус сорок семь тридцать два минус тридцать восемь семьдесят три сорок
шестьдесят три семьдесят семь минус семьдесят семьдесят семь
шестьдесят шесть пятьдесят шесть минус двадцать пять
двадцать три двадцать минус двадцать минус тридцать три семьдесят один тридцать девять
двадцать двадцать двадцать
двадцать один тридцать четыре шестьдесят один минус сорок один
двадцать три сорок пять минус двадцать два
тридцать четыре двадцать два
минус сорок три тридцать один пятьдесят один тридцать шестьдесят три минус сорок четыре
минус пятьдесят тридцать минус двадцать четыре пятьдесят семь двадцать два сорок четыре
девятнадцать сорок два семьдесят один
сорок четыре шестьдесят восемь тридцать
двадцать три
сорок девять
пятьдесят два двадцать девять тридцать шесть минус тридцать четыре
тридцать пять тридцать один тридцать минус пятьдесят два восемнадцать
шестьдесят шестьдесят три двадцать три семьдесят два сорок семь
минус шестьдесят два сорок семь пятьдесят четыре двадцать девять шестьдесят
шестьдесят два минус семьдесят шесть тридцать четыре двадцать два минус сорок семь
пятьдесят шесть семьдесят три минус двадцать два шестьдесят пять
двадцать три сорок два минус тридцать два сорок пять семьдесят семь двадцать три
сорок
сорок два минус семьдесят пять пятьдесят пять семьдесят два
минус двадцать семь минус двадцать три
двадцать три сорок семь шестьдесят восемь
двадцать семь минус тридцать один двадцать один
двадцать два семнадцать минус двадцать три сорок семь
шестьдесят два девятнадцать
двадцать четыре тридцать три минус тридцать три
семьдесят минус пятьдесят три сорок два
двадцать пять минус шестьдесят один шестьдесят семь пятьдесят восемь шестьдесят четыре сорок
двадцать два шестьдесят минус шестьдесят шесть пятьдесят четыре минус тридцать семь тридцать три минус сорок четыре двадцать семь шестьдесят
двадцать сорок четыре тридцать девять двадцать один
тридцать шесть минус двадцать шесть минус шестьдесят два шестьдесят девять
сорок один
пятьдесят два тридцать три шестьдесят четыре
пятьдесят три пятьдесят четыре
шестьдесят девять сорок девять
тридцать пять двадцать восемь шестьдесят пять сорок семь
семьдесят сорок семь семнадцать
тридцать четыре двадцать три сорок шесть
семьдесят четыре сорок четыре
двадцать шесть двадцать четыре
минус пятьдесят два двадцать три пятьдесят три минус сорок шесть сорок один
сорок пять минус семьдесят пять минус двадцать сорок четыре двадцать один минус семьдесят пять
семьдесят четыре тридцать пятьдесят двадцать четыре
тридцать один двадцать двадцать восемь двадцать восемь
сорок четыре тридцать восемь
двадцать девять тридцать восемь тридцать шесть двадцать шесть
минус тридцать семь семьдесят семь шестьдесят два двадцать семь сорок семь
девятнадцать пятьдесят четыре двадцать девять пятьдесят два сорок девять сорок один тридцать двадцать пять
пятьдесят два тридцать три двадцать один тридцать шесть тридцать два
сорок восемь минус шестьдесят восемь тридцать три
минус семьдесят шесть тридцать двадцать пять
минус тридцать минус шестьдесят пять шестьдесят восемь
минус тридцать три тридцать четыре
тридцать два тридцать два двадцать один
минус семьдесят семь семьдесят два двадцать три пятьдесят один двадцать девять
шестьдесят два сорок четыре сорок четыре
тридцать три пятьдесят четыре минус семнадцать пятьдесят два
пятьдесят пять минус двадцать три тридцать
