vierunddreißig siebenundsiebzig neunzehn neunundzwanzig dreiundfünfzig fünfundfünfzig minus  zweiunddreißig
einundzwanzig siebenundvierzig achtundvierzig
achtundsechzig fünfunddreißig dreiundvierzig minus  einunddreißig
dreiundzwanzig minus  neununddreißig fünfzig sechsunddreißig achtunddreißig
einundfünfzig sechsundsiebzig dreiunddreißig vierzig
zweiundzwanzig minus  siebenunddreißig dreiundfünfzig vierundzwanzig sechsundvierzig fünfundzwanzig minus  zweiundzwanzig einundfünfzig einundvierzig
