einunddreißig sechsunddreißig einunddreißig minus  vierunddreißig sechzig minus  dreiundvierzig zweiundzwanzig
siebzehn vierundzwanzig fünfundzwanzig fünfundvierzig siebenundzwanzig sechsundzwanzig zweiundvierzig minus  sechsundzwanzig
vierundzwanzig zwanzig zweiundzwanzig siebenunddreißig sechsunddreißig minus  fünfundzwanzig
dreiundfünfzig neunundsechzig
achtunddreißig sechzig zweiundzwanzig sechsundsiebzig einundfünfzig achtundsechzig
fünfundvierzig zweiundfünfzig fünfundsechzig
siebenunddreißig zweiunddreißig dreiundzwanzig fünfzig achtundfünfzig sechzig
zweiunddreißig zweiunddreißig minus  vierzig
minus  fünfundfünfzig minus  fünfundzwanzig achtunddreißig zweiundzwanzig zwanzig sechsundsiebzig minus  sechsundsiebzig vierundvierzig
zweiundvierzig dreiundsiebzig dreiunddreißig dreißig neunundzwanzig
dreiundvierzig minus  dreiundvierzig fünfundsiebzig achtundzwanzig minus  dreißig dreiundvierzig minus  dreißig zweiundvierzig
minus  vierunddreißig minus  vierundvierzig zweiundzwanzig einundzwanzig dreiundsechzig neunzehn minus  siebenundzwanzig
fünfunddreißig minus  einundsechzig minus  einundfünfzig minus  dreißig einundvierzig minus  siebenundsiebzig
achtundzwanzig sechsundvierzig zweiunddreißig fünfundzwanzig fünfundsechzig zwanzig zweiundzwanzig
dreiundsechzig siebzehn sechzig siebenundvierzig zweiundsiebzig vierundvierzig vierundzwanzig zweiundzwanzig
minus  zwanzig minus  zweiunddreißig siebenundsiebzig fünfundsechzig zweiundzwanzig vierundfünfzig
minus  dreiundzwanzig achtundvierzig achtundvierzig zwanzig vierundsechzig zweiundzwanzig zwanzig siebenundsiebzig
vierundsiebzig achtundsechzig minus  sechsundvierzig
siebenundzwanzig fünfundzwanzig vierzig minus  sechsundzwanzig vierundzwanzig
