zweiundvierzig zwanzig minus  achtzehn siebenunddreißig vierundfünfzig
vierundfünfzig achtzehn minus  zweiundsiebzig sechsunddreißig
einundvierzig
neunundfünfzig vierundvierzig zweiundvierzig neunundfünfzig zweiundvierzig vierundzwanzig dreiunddreißig
minus  vierzig dreiunddreißig fünfzig vierundzwanzig minus  dreißig
einundvierzig
dreiundfünfzig fünfundvierzig
minus  fünfundzwanzig
fünfundfünfzig minus  fünfundsechzig
minus  neunundsechzig minus  zweiundzwanzig
einundvierzig zwanzig dreißig minus  einundzwanzig achtundsechzig minus  fünfunddreißig vierundvierzig dreiundfünfzig einundzwanzig zweiunddreißig
sechsundsiebzig neunundvierzig
siebenundfünfzig fünfzig zweiundzwanzig dreiundvierzig
dreiunddreißig minus  einundzwanzig minus  dreiundfünfzig neunundfünfzig
zweiundsechzig dreiundvierzig zweiundsiebzig zweiundvierzig
zweiundzwanzig siebenundfünfzig siebzig zweiundzwanzig sechsundsiebzig vierunddreißig
zwanzig minus  dreiundvierzig
vierunddreißig dreiundfünfzig vierzig
fünfundsiebzig fünfundsiebzig einundsechzig fünfzig
minus  siebenundsiebzig dreiundzwanzig minus  zweiundzwanzig dreiundfünfzig
fünfundsechzig minus  sechsundfünfzig zweiundzwanzig minus  zweiundfünfzig
dreißig vierzig sechzig fünfunddreißig
dreiundsechzig minus  dreiundzwanzig sechsundsechzig
zweiundsechzig siebenunddreißig zwanzig
zwanzig zweiundzwanzig siebenundsechzig zweiunddreißig
fünfundzwanzig dreiundsechzig sechsunddreißig minus  achtundzwanzig
minus  einundsechzig vierundzwanzig dreiunddreißig dreiundvierzig dreiundvierzig siebenundfünfzig minus  vierundsechzig
minus  vierunddreißig vierundsechzig zweiundzwanzig
einundzwanzig einundfünfzig achtundvierzig
minus  vierunddreißig einunddreißig
einundzwanzig
siebenunddreißig vierunddreißig einundzwanzig einundzwanzig
minus  fünfundvierzig siebenundsiebzig
siebzig einundzwanzig minus  fünfundsiebzig
dreiundzwanzig
fünfunddreißig minus  zwanzig siebzehn zweiundzwanzig zwanzig zweiundsiebzig
achtundfünfzig minus  siebenundfünfzig
vierundzwanzig
achtunddreißig minus  siebenundzwanzig neunundvierzig zweiunddreißig einunddreißig
zweiundsiebzig sechsunddreißig fünfzig minus  einundvierzig
minus  zweiundfünfzig vierundzwanzig zweiundsiebzig minus  dreiundfünfzig sechsundfünfzig zweiunddreißig
dreiundsiebzig siebenundzwanzig fünfundfünfzig sechsundsiebzig siebzehn
siebenundsechzig achtundfünfzig dreiundfünfzig
fünfundsechzig fünfundvierzig
siebenundvierzig vierunddreißig vierunddreißig minus  einundzwanzig
achtundsechzig einundsiebzig einunddreißig einundzwanzig minus  siebenundsechzig
minus  vierundvierzig minus  siebenunddreißig neunundsechzig
