ventinove ventidue meno settantasette settantadue
ventiquattro meno ventitré sessantatre
trenta ventisei meno settanta settantaquattro quarantadue
cinquantasei cinquantasette
ventidue trentuno meno ventitré
cinquantacinque trentasei venti
ventiquattro trentuno meno sessantanove ventinove
trenta sessantasette ventidue trentadue
venti meno cinquantatre ventidue
meno quarantaquattro quarantasei meno ventuno quarantaquattro quarantaquattro meno settantasei cinquantaquattro
meno trentasei quarantacinque ventitré venticinque
ventuno venti cinquantaquattro
ventinove venti meno ventisei venti
trentuno sessantotto cinquantuno quarantatre
settanta ventisette trentaquattro meno fiftytwo
venti meno trentasei meno venti meno sessantasette sessantasette
meno ventuno cinquantacinque meno trentasette meno sessantuno trentuno diciassette
trentotto meno sessantasei meno venticinque diciannove settantatre
cinquantasei ventinove meno trentatré meno settantasette venticinque meno quarantaquattro
sessantacinque cinquantuno quarantasei
venticinque meno quarantacinque trentatré ventiquattro ventitré trentuno
meno trentacinque meno sessantadue trentacinque ventinove diciannove trentaquattro
sessanta sessanta sessantatre meno trentuno cinquantatre
sessantaquattro
meno cinquantanove meno sessantaquattro meno trentadue ventuno trentanove sessantacinque
trentadue trentatré quarantadue ventuno
trentadue quarantaquattro trentuno ventuno
quarantuno ventuno trentaquattro cinquantanove
cinquantaquattro
sessantacinque cinquanta ventiquattro meno venti settantatre
venti venti
meno trentacinque ventisei sessantanove settanta
sessantuno settantasei cinquantasei
settantatre trenta trentotto settanta venti ventisette ventitré
quarantanove
quarantasei trentacinque meno trentuno quarantatre ventuno quarantuno cinquanta
trentacinque
