veintinueve cuarenta y cinco setenta y tres cincuenta y uno cincuenta
menos sesenta y cuatro sesenta y ocho
cuarenta y tres sesenta y ocho menos veinticuatro
veintiséis veinticinco cincuenta y siete veintiún sesenta y cuatro
cuarenta y siete menos veinte cincuenta y dos veinte menos cincuenta cuarenta y cuatro cincuenta y cuatro cuarenta y ocho
menos setenta y dos sesenta y uno veintidós
veintitrés cuarenta y uno cincuenta
sesenta y dos
sesenta y tres sesenta y nueve veintitrés veintitrés menos cincuenta
setenta y cinco treinta y seis dieciocho treinta y dos
treinta y cinco treinta y cinco
menos veintinueve veinte menos treinta
sesenta y cuatro treinta y tres treinta veintinueve
cuarenta y nueve menos setenta cincuenta y cinco menos veinticuatro cuarenta y uno cuarenta cincuenta y tres
veintisiete cincuenta y cuatro
cincuenta y ocho cincuenta y seis treinta y ocho menos veintidós veintidós sesenta y cuatro
menos cincuenta y dos menos setenta y uno cuarenta y cinco menos setenta y dos veintiún
cincuenta y dos menos cincuenta y cinco
treinta y seis sesenta y ocho
cuarenta y dos sesenta y seis cincuenta y seis menos sesenta y cinco veintiún sesenta y ocho diecinueve
sesenta sesenta y uno veinte menos sesenta y siete
veintidós setenta y tres sesenta y seis
cuarenta y seis cincuenta y dos treinta y cinco
menos cuarenta y tres veintinueve menos veinte menos treinta y uno
menos cuarenta y tres menos veinte menos sesenta y siete treinta y cinco
treinta y uno cuarenta y seis veinticuatro veintiún
menos sesenta y seis sesenta y cuatro veintidós veinticuatro cincuenta y dos
cuarenta y ocho veintitrés menos setenta y cuatro treinta y siete menos sesenta y seis
cincuenta y seis menos sesenta y nueve treinta y seis veintitrés veintiún cincuenta y seis treinta y cinco
veinticinco veintidós sesenta y uno cuarenta y uno veinticuatro
treinta y ocho treinta y cuatro
