cuarenta y dos menos veinte cincuenta y cinco treinta y seis veinte
veinte veintiún
setenta y cinco cuarenta y cinco cincuenta y tres
veintiún sesenta diecisiete setenta y cuatro
cuarenta y seis menos sesenta y tres treinta y tres veintiún veintitrés
cincuenta y ocho treinta y dos cincuenta y seis
veinte cuarenta y tres cuarenta y uno
cuarenta y nueve cuarenta y uno cuarenta y tres treinta cuarenta y ocho
cuarenta setenta y uno cuarenta y dos
menos sesenta y uno sesenta y nueve dieciocho
