dix-neuf moins vingt-sept trente trente quarante-deux vingt et un trente-six
moins cinquante-neuf vingt-trois moins cinquante et un cinquante-quatre
moins dix-neuf trente-sept trente-deux moins cinquante-huit
dix-huit trente-trois soixante-quatorze
trente et un trente-quatre vingt-cinq soixante trois
trente-neuf moins soixante-quinze
vingt-deux vingt-deux cinquante
vingt-trois soixante-cinq soixante-neuf cinquante-huit cinquante-quatre
trente-quatre dix-sept dix-huit moins vingt-quatre
moins vingt-neuf vingt-neuf moins vingt-quatre moins soixante-quinze
cinquante-neuf soixante-quatorze vingt-quatre
quarante-trois moins quarante-cinq dix-huit soixante-dix moins dix-neuf
vingt-deux
quarante-cinq soixante-douze quarante-sept quarante
trente vingt moins vingt-neuf
