soixante-douze soixante-douze soixante dix-sept trente-deux soixante et onze moins vingt et un
trente
trente-deux soixante-huit moins trente-six quarante-deux
vingt
trente et un moins quarante-sept
soixante-quatorze cinquante trente-sept quarante-sept
moins trente-deux cinquante-trois moins cinquante-trois vingt et un
soixante-sept
quarante-neuf vingt-deux moins vingt cinquante-deux
soixante-cinq cinquante-sept trente-deux vingt-deux trente-quatre vingt et un moins soixante trois soixante-douze vingt
cinquante-six moins trente et un quarante-six trente et un quarante-trois quarante-deux dix-huit
moins vingt-quatre soixante-douze trente
trente-deux trente-trois vingt et un soixante-six
soixante et onze trente-deux dix-huit
vingt-trois trente-huit vingt trente-trois
quarante-neuf moins vingt-cinq moins quarante-cinq cinquante-sept soixante-seize
vingt-quatre moins soixante trois
trente et un moins vingt-deux vingt-deux
vingt vingt-trois soixante-dix soixante-neuf cinquante-trois soixante-quatorze
vingt-trois moins soixante moins trente et un quarante-six soixante-six
vingt-six moins vingt-trois moins trente-deux
cinquante-six vingt-trois trente-huit vingt
moins soixante-treize quarante
soixante et un vingt-deux trente soixante trois quarante-deux
cinquante-sept vingt-huit
moins cinquante-deux cinquante-quatre vingt et un
quarante-cinq moins trente soixante-deux
moins vingt-trois moins dix-huit soixante-neuf
soixante trois soixante-quinze moins trente-cinq moins soixante et onze
moins cinquante-deux soixante et un moins cinquante-neuf
quarante-trois vingt-deux cinquante-six soixante-sept
quarante trente-deux
trente et un moins cinquante-six quarante-cinq
trente-six cinquante-quatre soixante-treize vingt-deux moins quarante-six
soixante-quatorze vingt et un quarante-neuf soixante-quinze soixante-sept
vingt
moins quarante et un trente-huit soixante-sept vingt-deux
soixante-sept trente-neuf
moins soixante vingt-trois cinquante
quarante-quatre quarante-deux soixante-dix moins quarante-sept vingt-sept soixante-douze
soixante trente et un soixante-deux moins trente et un
trente-cinq vingt-sept cinquante-huit
trente-six trente-trois quarante-quatre soixante quarante
soixante dix-sept
soixante-huit trente-cinq
trente-trois moins trente-quatre
