soixante dix-sept moins soixante-treize soixante-treize trente-deux dix-huit
vingt-deux vingt-neuf soixante-seize moins vingt-six
trente-huit quarante et un soixante-dix moins cinquante-deux
soixante-seize moins quarante-cinq
moins vingt-sept vingt moins dix-huit
moins cinquante et un moins trente-deux
soixante-deux cinquante-trois trente-deux cinquante-quatre quarante-trois vingt et un vingt-trois trente
vingt-deux trente trente-sept vingt-trois
trente-trois moins soixante dix-sept cinquante-neuf cinquante-trois soixante trois
quarante et un trente-sept moins dix-huit cinquante-sept
moins soixante-douze quarante moins trente-trois
dix-neuf quarante vingt et un soixante-six soixante-cinq soixante et un vingt
soixante-treize moins soixante et onze moins vingt trente-quatre soixante quarante-trois
cinquante-deux vingt-deux cinquante-huit soixante-huit cinquante-six trente-deux
cinquante-trois soixante et onze soixante-seize soixante-six
moins quarante-quatre cinquante
soixante-huit soixante-seize moins vingt-trois moins quarante et un vingt
cinquante moins quarante-trois moins cinquante-quatre moins quarante
cinquante et un trente-sept
cinquante-cinq moins quarante-huit trente-quatre trente-quatre
trente-deux
vingt-deux quarante-quatre quarante
trente trente-cinq trente et un trente et un soixante dix-sept trente-trois soixante-neuf
moins soixante-sept vingt et un moins trente-deux cinquante-deux
soixante-quatre cinquante-trois soixante soixante-douze
vingt-quatre trente-deux soixante-seize
moins quarante-sept moins quarante moins cinquante-quatre trente-trois
cinquante-deux trente moins vingt-quatre dix-sept cinquante et un
soixante-quinze moins cinquante-huit vingt-neuf
soixante trois trente-trois vingt et un soixante-quatre
moins soixante moins quarante-sept moins soixante-sept
moins cinquante et un moins soixante-quinze moins soixante et onze
vingt-deux vingt trente-six vingt-trois cinquante-sept
trente-quatre cinquante-six
moins soixante-treize trente-deux moins quarante-trois dix-huit
soixante-treize soixante-treize soixante-quatre
quarante-deux trente
vingt-trois vingt et un moins cinquante-huit soixante-dix moins vingt-deux
soixante-seize moins soixante-quatre
trente-trois cinquante-huit
trente-neuf
moins vingt-deux trente-deux
quarante cinquante-trois moins soixante-cinq moins soixante-deux moins cinquante et un trente-trois
cinquante-sept trente-trois quarante-quatre quarante-trois soixante-quatorze trente-quatre vingt-quatre
soixante-treize moins vingt soixante-seize trente-huit
vingt-deux moins vingt-sept quarante-quatre moins quarante-deux vingt et un
moins soixante-seize soixante moins quarante-quatre moins soixante dix-sept vingt-cinq soixante et un
quarante et un soixante-six vingt-deux trente trente-six
dix-huit trente-quatre cinquante-neuf moins quarante-six trente
soixante-six soixante-six moins vingt-deux moins vingt moins cinquante-trois vingt-deux moins trente-deux quarante-huit
vingt-deux trente-six soixante-six trente-trois
dix-huit soixante-quinze vingt et un
moins cinquante-six soixante-huit vingt-quatre trente-six
vingt-huit
moins soixante-cinq soixante-deux soixante-dix cinquante-neuf
soixante-treize soixante-deux moins vingt-quatre
trente trente-cinq quarante-trois vingt
moins trente-cinq cinquante-cinq cinquante-trois soixante et un
trente-neuf quarante-neuf
cinquante et un vingt-neuf trente-trois
vingt-six
vingt-trois soixante et onze vingt et un
moins trente-quatre trente-huit moins vingt-deux
moins soixante trois trente-trois
moins soixante-sept soixante-cinq cinquante-neuf
quarante-sept cinquante-neuf trente-neuf moins soixante-quinze quarante-quatre soixante et un moins trente-deux
trente-quatre quarante-quatre trente et un vingt et un vingt-huit
