cinquante-cinq vingt-cinq soixante-cinq cinquante-quatre dix-huit soixante-six moins quarante-deux
soixante-cinq moins vingt-deux
moins trente-trois moins quarante vingt et un moins soixante et un
soixante-cinq moins trente-deux vingt-deux
vingt moins soixante-dix cinquante-six cinquante-deux
soixante-neuf trente quarante cinquante-deux trente-trois dix-huit trente-trois
trente-quatre cinquante et un trente-deux moins soixante
vingt-sept vingt-deux soixante-huit soixante trois vingt-deux
soixante-seize vingt-deux moins vingt vingt-cinq
vingt-quatre quarante-cinq
vingt-cinq trente et un trente-trois quarante-neuf soixante-quinze
vingt trente-cinq soixante-neuf quarante-deux
soixante-six quarante-quatre quarante et un quarante-trois moins soixante et onze soixante-cinq cinquante-neuf cinquante et un
trente-quatre vingt-deux
cinquante et un soixante trois quarante-sept
dix-neuf moins soixante-cinq soixante trois cinquante-trois soixante trois
vingt-six soixante-quinze soixante-sept quarante-quatre
quarante-neuf soixante et un
vingt moins soixante dix-sept soixante-six vingt et un
soixante-neuf quarante et un vingt-quatre
moins trente-trois quarante-cinq soixante-deux vingt et un moins cinquante et un trente-trois trente-trois quarante-neuf
dix-huit
trente-cinq trente-quatre vingt et un vingt-huit quarante-quatre
vingt et un quarante-deux vingt soixante-dix
soixante trois vingt-quatre soixante trois vingt et un moins soixante dix-sept vingt-neuf vingt
dix-neuf cinquante-trois vingt-deux vingt-neuf quarante-sept moins vingt-neuf cinquante-deux cinquante-trois moins quarante-trois
quarante-six moins soixante-quatorze trente soixante dix-sept
vingt trente-sept
trente-trois vingt-deux soixante et onze dix-huit quarante cinquante-six
moins vingt-trois soixante-cinq trente-trois trente-cinq cinquante vingt
cinquante-huit
cinquante-six
cinquante-neuf cinquante-quatre cinquante-six
quarante-six vingt-six vingt-deux vingt
moins quarante-sept soixante-quatorze trente-cinq
vingt et un moins vingt-quatre quarante-deux moins vingt et un
vingt-trois soixante-quatorze vingt-deux moins cinquante et un
quarante-six cinquante-six vingt et un moins vingt-trois quarante-deux moins quarante-neuf
moins vingt-trois cinquante-cinq soixante-huit
moins quarante-deux vingt-six
soixante-neuf soixante-deux
moins cinquante-six
soixante-huit moins cinquante-huit dix-sept vingt-trois cinquante et un
vingt et un moins quarante-neuf quarante et un quarante et un soixante-quatre soixante-quatorze cinquante
quarante-sept soixante-seize cinquante et un trente-trois moins dix-neuf
trente-cinq trente-quatre trente-deux
moins trente-deux moins cinquante-six vingt-trois trente-quatre soixante dix-sept soixante et onze vingt-trois soixante-quatorze trente-huit quarante-neuf
trente-trois trente-deux quarante
trente-quatre moins quarante et un vingt-trois quarante-neuf
vingt et un moins trente-deux quarante-quatre
vingt-cinq
dix-sept moins dix-sept vingt trente-six soixante et un soixante-quatre
moins vingt-deux vingt-neuf trente-sept
soixante-neuf moins soixante-quinze vingt-trois trente et un
soixante-cinq
trente-cinq cinquante-quatre moins cinquante cinquante cinquante et un vingt-deux
soixante-dix cinquante et un quarante-trois
soixante
soixante-seize soixante et onze moins vingt-trois
trente-neuf quarante-quatre trente-neuf soixante-treize soixante-six
moins soixante-huit dix-huit cinquante et un vingt-deux
soixante-quatorze quarante moins soixante-huit soixante et onze
soixante-douze vingt-trois trente
soixante-quinze trente-quatre
trente-huit trente et un cinquante-cinq
quarante-trois moins soixante-douze quarante-neuf quarante et un moins soixante et un moins trente-quatre moins cinquante-quatre
vingt-huit quarante-sept soixante-quatre trente-deux
moins quarante-huit quarante-deux soixante dix-sept
moins dix-sept moins soixante-huit trente-neuf vingt-cinq quarante-trois
soixante-huit soixante trente-huit quarante-quatre
trente-sept moins vingt et un quarante-cinq
moins quarante-sept soixante-deux moins vingt et un soixante-quatre
soixante-neuf vingt-huit
trente-cinq vingt-trois vingt-cinq
quarante-neuf quarante-huit moins soixante-neuf
vingt et un quarante et un moins vingt-deux cinquante-trois vingt-quatre moins cinquante et un
vingt et un soixante-douze soixante et un soixante-deux
trente-sept
vingt-cinq soixante et onze moins vingt et un cinquante moins cinquante-cinq soixante-quatorze
moins vingt et un trente-quatre quarante et un trente-six
trente-six quarante-quatre soixante-quinze quarante-trois vingt
cinquante-six trente et un quarante cinquante-trois
vingt-six quarante
trente-trois cinquante-sept trente-sept trente-huit soixante-quinze
soixante et onze soixante-sept
trente-neuf cinquante-huit trente-deux vingt-six
quarante-neuf soixante-treize cinquante-quatre quarante-deux soixante-treize
soixante-douze vingt-deux moins vingt et un moins soixante trois
moins quarante-sept soixante-sept
quarante-cinq quarante-huit trente-neuf trente-trois trente-sept moins soixante-six quarante-deux
vingt-sept vingt
quarante-quatre soixante-dix vingt et un moins quarante-huit
vingt-six moins trente-deux
soixante-cinq moins vingt-trois cinquante-deux trente-neuf
moins trente-deux vingt-neuf cinquante-quatre
trente-cinq dix-neuf
